18:33:50 **** Incremental Build of configuration Default for project AUGUST_DUMPER_PROS ****
make all 
CC -I../include -I../src auto.c
CC -I../include -I../src auto_functions.c
CC -I../include -I../src auto_routines.c
CC -I../include -I../src functions.c
functions.c: In function 'setDriveChannel':
functions.c:64:7: error: 'X' undeclared (first use in this function)
functions.c:64:7: note: each undeclared identifier is reported only once for each function it appears in
functions.c:65:3: error: 'driveChannels' undeclared (first use in this function)
functions.c:67:7: error: 'Y' undeclared (first use in this function)
functions.c:70:7: error: 'YAW' undeclared (first use in this function)
make[1]: *** [../bin/functions.o] Error 1
make: *** [src] Error 2
18:56:33 **** Incremental Build of configuration Default for project AUGUST_SIX_BAR_HOLO_PROS ****
make all 
CC -I../include -I../src auto.c
CC -I../include -I../src auto_functions.c
auto_functions.c: In function 'gyroTurn':
auto_functions.c:44:3: error: implicit declaration of function 'setDriveChannel' [-Werror=implicit-function-declaration]
cc1.exe: some warnings being treated as errors
make[1]: *** [../bin/auto_functions.o] Error 1
make: *** [src] Error 2
18:59:02 **** Incremental Build of configuration Default for project AUGUST_SIX_BAR_HOLO_PROS ****
make all 
CC -I../include -I../src auto_functions.c
CC -I../include -I../src auto_routines.c
CC -I../include -I../src functions.c
functions.c:59:45: error: expected ';', ',' or ')' before '=' token
make[1]: *** [../bin/functions.o] Error 1
make: *** [src] Error 2
18:59:13 **** Incremental Build of configuration Default for project AUGUST_SIX_BAR_HOLO_PROS ****
make all 
CC -I../include -I../src functions.c
functions.c:59:45: error: expected ';', ',' or ')' before '=' token
make[1]: *** [../bin/functions.o] Error 1
make: *** [src] Error 2
18:59:24 **** Incremental Build of configuration Default for project AUGUST_SIX_BAR_HOLO_PROS ****
make all 
CC -I../include -I../src functions.c
CC -I../include -I../src init.c
CC -I../include -I../src opcontrol.c
LN ./bin/auto.o ./bin/auto_functions.o ./bin/auto_routines.o ./bin/functions.o ./bin/init.o ./bin/opcontrol.o ./firmware/libccos.a -lgcc -lm to bin/output.elf
   text	   data	    bss	    dec	    hex	filename
  15260	      0	   3944	  19204	   4b04	./bin/output.elf
arm-none-eabi-objcopy ./bin/output.elf -O binary ./bin/output.bin
19:24:47 **** Clean-only build of configuration Default for project AUGUST_SIX_BAR_HOLO_PROS ****
make clean 
rm -f ./bin/output.elf
rm -rf ./bin
19:24:59 **** Clean-only build of configuration Default for project AUGUST_SIX_BAR_HOLO_PROS ****
make clean 
rm -f ./bin/output.elf
rm -rf ./bin
